// Jest Snapshot v1, https://goo.gl/fbAQLP

exports[`DarkModeSwitch renders correctly in dark mode 1`] = `
<button
  className="css-9xbtd6"
  onClick={[Function]}
>
  <svg
    aria-hidden={true}
    className="MuiSvgIcon-root"
    focusable="false"
    viewBox="0 0 24 24"
  >
    <path
      d="M9 2c-1.05 0-2.05.16-3 .46 4.06 1.27 7 5.06 7 9.54 0 4.48-2.94 8.27-7 9.54.95.3 1.95.46 3 .46 5.52 0 10-4.48 10-10S14.52 2 9 2z"
    />
  </svg>
</button>
`;

exports[`DarkModeSwitch renders correctly in light mode 1`] = `
<button
  className="css-9xbtd6"
  onClick={[Function]}
>
  <svg
    aria-hidden={true}
    className="MuiSvgIcon-root"
    focusable="false"
    viewBox="0 0 24 24"
  >
    <path
      d="M9 2c-1.05 0-2.05.16-3 .46 4.06 1.27 7 5.06 7 9.54 0 4.48-2.94 8.27-7 9.54.95.3 1.95.46 3 .46 5.52 0 10-4.48 10-10S14.52 2 9 2z"
    />
  </svg>
</button>
`;
