// Jest Snapshot v1, https://goo.gl/fbAQLP

exports[`Header renders correctly in dark mode 1`] = `
<header
  className="css-1aqmb4e"
>
  <header
    className="css-1tw4u1q"
  >
    <h3
      className="css-fsljql"
    >
      <a
        className="h2"
        css={
          Object {
            "map": undefined,
            "name": "nvkszq",
            "next": undefined,
            "styles": "
              padding: calc(0.25 * var(--spacing)) 0;
            ",
            "toString": [Function],
          }
        }
        href="/"
      >
        Jamie Woodmancy
      </a>
    </h3>
    <div
      className="css-1xz5piw"
    >
      <a
        className="css-10t6syk"
        href="/work/"
      >
        Work
      </a>
      <a
        className="css-10t6syk"
        href="/now/"
      >
        Now
      </a>
      <a
        className="css-10t6syk"
        href="/writing/"
      >
        Writing
      </a>
      
    </div>
    <div
      className="css-16hq6ks"
    >
      
    </div>
  </header>
</header>
`;

exports[`Header renders correctly in light mode 1`] = `
<header
  className="css-1aqmb4e"
>
  <header
    className="css-1tw4u1q"
  >
    <h3
      className="css-fsljql"
    >
      <a
        className="h2"
        css={
          Object {
            "map": undefined,
            "name": "nvkszq",
            "next": undefined,
            "styles": "
              padding: calc(0.25 * var(--spacing)) 0;
            ",
            "toString": [Function],
          }
        }
        href="/"
      >
        Jamie Woodmancy
      </a>
    </h3>
    <div
      className="css-1xz5piw"
    >
      <a
        className="css-10t6syk"
        href="/work/"
      >
        Work
      </a>
      <a
        className="css-10t6syk"
        href="/now/"
      >
        Now
      </a>
      <a
        className="css-10t6syk"
        href="/writing/"
      >
        Writing
      </a>
    </div>
    <div
      className="css-16hq6ks"
    />
  </header>
</header>
`;
