// Jest Snapshot v1, https://goo.gl/fbAQLP

exports[`HomepageMain renders correctly in dark mode 1`] = `
<div
  className="css-966dd8"
>
  <div
    className="css-41gcnh"
  >
    <h2>
      Jamie
    </h2>
    <h2>
      Woodmancy
    </h2>
  </div>
  <div
    className="css-1dwpqxz"
  >
    
  </div>
  <div
    className="css-17s6pf5"
  >
    <h1>
      Front
    </h1>
    <h1>
      End
    </h1>
    <h1>
      Engineer
    </h1>
  </div>
  <div
    className="css-1ah2vuk"
  >
    <p>
      Balanced form and function
    </p>
    <p>
      [Under construction]
    </p>
  </div>
  <div
    className="css-w2qpid"
  >
    <a
      className="css-1qd9oe1"
      href="/work/"
    >
      See my work
    </a>
  </div>
  <footer
    className="css-9zmaun"
  >
    <span
      className="caption"
    >
      Woodmancy Dev™ 
      2022
      , built with
    </span>
    <span
      className="css-1g2vfi9"
    >
      <a
        href="https://www.reactjs.org"
        rel="noopener noreferrer"
        target="_blank"
      >
        <img
          alt="link to react homepage"
          css={
            Object {
              "map": undefined,
              "name": "rmhaug",
              "next": undefined,
              "styles": "
                  height: 20px;
                ",
              "toString": [Function],
            }
          }
          src="test-file-stub"
        />
      </a>
      <a
        href="https://www.gatsbyjs.org"
        rel="noopener noreferrer"
        target="_blank"
      >
        <img
          alt="link to gatsby homepage"
          css={
            Object {
              "map": undefined,
              "name": "rmhaug",
              "next": undefined,
              "styles": "
                  height: 20px;
                ",
              "toString": [Function],
            }
          }
          src="test-file-stub"
        />
      </a>
      <a
        href="https://www.netlify.com"
        rel="noopener noreferrer"
        target="_blank"
      >
        <img
          alt="link to netlify homepage"
          css={
            Object {
              "map": undefined,
              "name": "rmhaug",
              "next": undefined,
              "styles": "
                  height: 20px;
                ",
              "toString": [Function],
            }
          }
          src="test-file-stub"
        />
      </a>
    </span>
  </footer>
</div>
`;

exports[`HomepageMain renders correctly in light mode 1`] = `
<div
  className="css-966dd8"
>
  <div
    className="css-41gcnh"
  >
    <h2>
      Jamie
    </h2>
    <h2>
      Woodmancy
    </h2>
  </div>
  <div
    className="css-1dwpqxz"
  />
  <div
    className="css-17s6pf5"
  >
    <h1>
      Front
    </h1>
    <h1>
      End
    </h1>
    <h1>
      Engineer
    </h1>
  </div>
  <div
    className="css-1ah2vuk"
  >
    <p>
      Balanced form and function
    </p>
    <p>
      [Under construction]
    </p>
  </div>
  <div
    className="css-w2qpid"
  >
    <a
      className="css-1qd9oe1"
      href="/work/"
    >
      See my work
    </a>
  </div>
  <footer
    className="css-9zmaun"
  >
    <span
      className="caption"
    >
      Woodmancy Dev™ 
      2022
      , built with
    </span>
    <span
      className="css-1g2vfi9"
    >
      <a
        href="https://www.reactjs.org"
        rel="noopener noreferrer"
        target="_blank"
      >
        <img
          alt="link to react homepage"
          css={
            Object {
              "map": undefined,
              "name": "rmhaug",
              "next": undefined,
              "styles": "
                  height: 20px;
                ",
              "toString": [Function],
            }
          }
          src="test-file-stub"
        />
      </a>
      <a
        href="https://www.gatsbyjs.org"
        rel="noopener noreferrer"
        target="_blank"
      >
        <img
          alt="link to gatsby homepage"
          css={
            Object {
              "map": undefined,
              "name": "rmhaug",
              "next": undefined,
              "styles": "
                  height: 20px;
                ",
              "toString": [Function],
            }
          }
          src="test-file-stub"
        />
      </a>
      <a
        href="https://www.netlify.com"
        rel="noopener noreferrer"
        target="_blank"
      >
        <img
          alt="link to netlify homepage"
          css={
            Object {
              "map": undefined,
              "name": "rmhaug",
              "next": undefined,
              "styles": "
                  height: 20px;
                ",
              "toString": [Function],
            }
          }
          src="test-file-stub"
        />
      </a>
    </span>
  </footer>
</div>
`;
